[INFO] 2026-07-24T21:00:20+00:00 :: JAUP-Brain initializing telemetry...
[INFO] 2026-07-24T21:00:20+00:00 :: Memory initialized.
[INFO] 2026-07-24T21:00:20+00:00 :: Agent registry initialized.
[INFO] 2026-07-24T21:00:21+00:00 :: Routing table initialized.
============================================================
 JAUP Brain Health Report
------------------------------------------------------------
 Core:
  [OK]  ./core
  [OK]  ./core/agents
  [OK]  ./core/workspace
  [OK]  ./core/utils
  [OK]  ./core/drive
 Brain State:
  [OK]  ./state/memory.json
  [OK]  ./state/agents.json
  [OK]  ./state/routing.json
 Logs:
  [OK]  ./logs/brain.log
  [OK]  ./logs/thoughts.log
  [OK]  ./logs/errors.log
============================================================
